openjdk version "21.0.12.1" 2026-08-18 LTS
OpenJDK Runtime Environment Temurin-21.0.12.1+1 (build 21.0.12.1+1-LTS)
OpenJDK 64-Bit Server VM Temurin-21.0.12.1+1 (build 21.0.12.1+1-LTS, mixed mode)
INFO  Using log config file: jar:file:/home/brandon/tools/ghidra_12.1.3_PUBLIC/Ghidra/Framework/Generic/lib/Generic.jar!/generic.log4j.xml (LoggingInitialization)  
INFO  Using log file: /home/brandon/.config/ghidra/ghidra_12.1.3_PUBLIC/application.log (LoggingInitialization)  
INFO  Loading user preferences: /home/brandon/.config/ghidra/ghidra_12.1.3_PUBLIC/preferences (Preferences)  
INFO  Searching for classes... (ClassSearcher)  
INFO  Class search complete (577 ms) (ClassSearcher)  
INFO  Initializing SSL Context (DefaultSSLContextInitializer)  
INFO  Initializing Random Number Generator... (SecureRandomFactory)  
INFO  Random Number Generator initialization complete: NativePRNGNonBlocking (SecureRandomFactory)  
INFO  Trust manager disabled, cacerts have not been set (DefaultTrustManagerFactory)  
INFO  Headless startup complete (1678 ms) (AnalyzeHeadless)  
INFO  Class searcher loaded 177 extension points (88 false positives) (ClassSearcher)  
INFO  HEADLESS Script Paths:
    /home/brandon/tools/ghidra_12.1.3_PUBLIC/Ghidra/Features/MicrosoftCodeAnalyzer/ghidra_scripts
    /home/brandon/tools/ghidra_12.1.3_PUBLIC/Ghidra/Features/BSim/ghidra_scripts
    /home/brandon/tools/ghidra_12.1.3_PUBLIC/Ghidra/Features/PyGhidra/ghidra_scripts
    /home/brandon/tools/ghidra_12.1.3_PUBLIC/Ghidra/Processors/8051/ghidra_scripts
    /home/brandon/tools/ghidra_12.1.3_PUBLIC/Ghidra/Features/DecompilerDependent/ghidra_scripts
    /home/brandon/tools/ghidra_12.1.3_PUBLIC/Ghidra/Debug/Debugger/ghidra_scripts
    /home/brandon/tools/ghidra_12.1.3_PUBLIC/Ghidra/Processors/PIC/ghidra_scripts
    /home/brandon/tools/ghidra_12.1.3_PUBLIC/Ghidra/Features/GnuDemangler/ghidra_scripts
    /home/brandon/tools/ghidra_12.1.3_PUBLIC/Ghidra/Features/FunctionID/ghidra_scripts
    /home/brandon/tools/ghidra_12.1.3_PUBLIC/Ghidra/Features/Decompiler/ghidra_scripts
    /home/brandon/tools/ghidra_12.1.3_PUBLIC/Ghidra/Features/BytePatterns/ghidra_scripts
    /home/brandon/tools/ghidra_12.1.3_PUBLIC/Ghidra/Features/VersionTracking/ghidra_scripts
    /home/brandon/tools/ghidra_12.1.3_PUBLIC/Ghidra/Features/WildcardAssembler/ghidra_scripts
    /home/brandon/tools/ghidra_12.1.3_PUBLIC/Ghidra/Debug/Debugger-rmi-trace/ghidra_scripts
    /home/brandon/Documents/EDC17CP09/ghidra/s3
    /home/brandon/tools/ghidra_12.1.3_PUBLIC/Ghidra/Features/FileFormats/ghidra_scripts
    /home/brandon/tools/ghidra_12.1.3_PUBLIC/Ghidra/Processors/DATA/ghidra_scripts
    /home/brandon/tools/ghidra_12.1.3_PUBLIC/Ghidra/Processors/JVM/ghidra_scripts
    /home/brandon/tools/ghidra_12.1.3_PUBLIC/Ghidra/Features/PDB/ghidra_scripts
    /home/brandon/tools/ghidra_12.1.3_PUBLIC/Ghidra/Features/Base/ghidra_scripts
    /home/brandon/tools/ghidra_12.1.3_PUBLIC/Ghidra/Features/SwiftDemangler/ghidra_scripts
    /home/brandon/tools/ghidra_12.1.3_PUBLIC/Ghidra/Processors/Atmel/ghidra_scripts
    /home/brandon/tools/ghidra_12.1.3_PUBLIC/Ghidra/Features/SystemEmulation/ghidra_scripts (HeadlessAnalyzer)  
INFO  HEADLESS: execution starts (HeadlessAnalyzer)  
INFO  Opening existing project: /home/brandon/tools/ghidra_proj/EDC17 (HeadlessAnalyzer)  
INFO  Opening project: /home/brandon/tools/ghidra_proj/EDC17 (HeadlessProject)  
INFO  REPORT: Processing project file: /mpc_full.bin (HeadlessAnalyzer)  
INFO  ANALYZING all memory and code: /mpc_full.bin (HeadlessAnalyzer)  
WARN  Decompiling 000ea444: Unable to read bytes at ram:a004638c (DecompileCallback)  
WARN  Decompiling 0000b9f2: Unable to read bytes at ram:d0003040 (DecompileCallback)  
WARN  Decompiling 00016e68: Unable to read bytes at ram:80017714 (DecompileCallback)  
WARN  Decompiling 0001669c: Unable to read bytes at ram:80017694 (DecompileCallback)  
WARN  Decompiling 0016c8b8: Unable to read bytes at ram:a00471a8 (DecompileCallback)  
WARN  Decompiling 0001d744: Unable to read bytes at ram:d4001088 (DecompileCallback)  
WARN  Decompiling 00015934: Unable to read bytes at ram:800175f8 (DecompileCallback)  
WARN  Decompiling 0001d9a6: Unable to read bytes at ram:d40013c0 (DecompileCallback)  
WARN  Decompiling 00016b2e: Unable to read bytes at ram:800176e8 (DecompileCallback)  
WARN  Decompiling 0015326c: Unable to read bytes at ram:a0047378 (DecompileCallback)  
WARN  Decompiling 001d0048, pcode error at 001d004c: Unable to resolve constructor at 001d004c (DecompileCallback)  
WARN  Decompiling 0015e616: Unable to read bytes at ram:a0047814 (DecompileCallback)  
WARN  Decompiling 0002398e: Unable to read bytes at ram:a0046fa0 (DecompileCallback)  
WARN  Decompiling 000098c0: Unable to read bytes at ram:d0002fe0 (DecompileCallback)  
WARN  Decompiling 000e39e4: Unable to read bytes at ram:a004626c (DecompileCallback)  
WARN  Decompiling 0015abf2: Unable to read bytes at ram:a00476d8 (DecompileCallback)  
WARN  Decompiling 0006fed2: Unable to read bytes at ram:a0045578 (DecompileCallback)  
WARN  Decompiling 0006fed2: Unable to read bytes at ram:a004554c (DecompileCallback)  
WARN  Decompiling 000f2260: Unable to read bytes at ram:a00463e4 (DecompileCallback)  
WARN  Decompiling 000f2260: Unable to read bytes at ram:a004643c (DecompileCallback)  
WARN  Decompiling 000f2260: Unable to read bytes at ram:a0046468 (DecompileCallback)  
WARN  Decompiling 000f2260: Unable to read bytes at ram:a0046410 (DecompileCallback)  
WARN  Decompiling 000c0e1c: Unable to read bytes at ram:a0045de0 (DecompileCallback)  
WARN  Decompiling 000c0e1c: Unable to read bytes at ram:a0045df0 (DecompileCallback)  
WARN  Decompiling 000a3478: Unable to read bytes at ram:a0045bb0 (DecompileCallback)  
WARN  Decompiling 000a3478: Unable to read bytes at ram:a0045bc8 (DecompileCallback)  
WARN  Decompiling 000f2aaa: Unable to read bytes at ram:a004643c (DecompileCallback)  
WARN  Decompiling 000f2aaa: Unable to read bytes at ram:a0046468 (DecompileCallback)  
WARN  Decompiling 00134666: Unable to read bytes at ram:a0046dd8 (DecompileCallback)  
WARN  Decompiling 0000c396: Unable to read bytes at ram:d0003114 (DecompileCallback)  
WARN  Decompiling 000a0002: Unable to read bytes at ram:a0045b58 (DecompileCallback)  
WARN  Decompiling 00141388: Unable to read bytes at ram:a0047010 (DecompileCallback)  
WARN  Decompiling 00141388: Unable to read bytes at ram:a0047024 (DecompileCallback)  
INFO  Packed database cache: /var/tmp/brandon-ghidra/packed-db-cache (PackedDatabaseCache)  
INFO  Applied data type archive: generic_clib (ApplyDataArchiveAnalyzer)  
INFO  -----------------------------------------------------
    ASCII Strings                              0.254 secs
    Apply Data Archives                        0.290 secs
    Basic Constant Reference Analyzer          0.927 secs
    Call Convention ID                         0.006 secs
    Call-Fixup Installer                       0.007 secs
    Create Address Tables                      0.279 secs
    Create Function                            0.003 secs
    Data Reference                             0.212 secs
    Decompiler Switch Analysis                 4.251 secs
    Demangler GNU                              0.058 secs
    Disassemble Entry Points                   0.044 secs
    Embedded Media                             0.041 secs
    External Entry References                  0.001 secs
    Function ID                                0.012 secs
    Function Start Search                      0.031 secs
    Non-Returning Functions - Discovered       0.133 secs
    Reference                                  0.299 secs
    Shared Return Calls                        0.088 secs
    Stack                                      0.375 secs
    Subroutine References                      0.083 secs
    Subroutine References - One Time           0.000 secs
-----------------------------------------------------
     Total Time   7 secs
-----------------------------------------------------
 (AutoAnalysisManager)  
INFO  REPORT: Analysis succeeded for file: /mpc_full.bin (HeadlessAnalyzer)  
INFO  REPORT: Execute script: EwsTC3.java  (HeadlessAnalyzer)  
INFO  SCRIPT: /home/brandon/Documents/EDC17CP09/ghidra/s3/EwsTC3.java (HeadlessAnalyzer)  
INFO  EwsTC3.java> wrote /home/brandon/Documents/EDC17CP09/ghidra_taskcall_sites.txt (60 chars) (GhidraScript)  
INFO  ANALYZING changes made by post scripts: /mpc_full.bin (HeadlessAnalyzer)  
INFO  REPORT: Post-analysis succeeded for file: /mpc_full.bin (HeadlessAnalyzer)  
INFO  REPORT: Save succeeded for processed file: /mpc_full.bin (HeadlessAnalyzer)  
